وزارة العدل 
دائرة تنفيذ الطفيلة 
اخطار صادر عن دائرة التنفيذ/ بالنشر 
رقم الدعوى التنفيذية ٣٣ -١/ 
(٧٤٧ /٢٠١٧)- سجل عام 
اسم المحكوم عليه/المدين: سعد جمال 
ابراهيم الفضول 
عنوانه: معان وادي موسى امام علاء 
الدين مول 
تاريخه ٣ /١٠/ ٢٠١٧ 
محل صدوره: تنفيد الطفلة 
المحكوم به/ الدين: ٥١٩ دينار والرسوم 
والمصاريف 
يحب عليك ان تؤدي خلال سبعة أيام تلي 
تاريخ تبليغك هذا الاخطار الى المحكوم 
له/ الدائن حمدان موسى حمدان 
العمريين المبلغ المبين اعلاه. 
واذا انقضت هذه المدة ولم تؤد الدين 
المذكور او تعرض التسوية القانونية 
ستقوم دائرة التنفيذ بمباشرة المعاملات 
التنفيذية اللازمة قانونا بحقك. 
مأمور التنفيذ الطفيلة 
